win10@DESKTOP-861UC7E MINGW64 /c/Ashok IT/Git_Practice
$ git config --global user.name "Prachi Kurhe"

win10@DESKTOP-861UC7E MINGW64 /c/Ashok IT/Git_Practice
$ git config --global user.email "kurheprachi84@gmail.com"

win10@DESKTOP-861UC7E MINGW64 /c/Ashok IT/Git_Practice
$ git init
Initialized empty Git repository in C:/Ashok IT/Git_Practice/.git/

win10@DESKTOP-861UC7E MINGW64 /c/Ashok IT/Git_Practice (master)
$ git status
On branch master

No commits yet

Untracked files:
  (use "git add <file>..." to include in what will be committed)
        PrachiGitHub.txt

nothing added to commit but untracked files present (use "git add" to track)

win10@DESKTOP-861UC7E MINGW64 /c/Ashok IT/Git_Practice (master)
$ git add  PrachiGitHub.txt

win10@DESKTOP-861UC7E MINGW64 /c/Ashok IT/Git_Practice (master)
$ git commit m-"First Commit"
error: pathspec 'm-First Commit' did not match any file(s) known to git

win10@DESKTOP-861UC7E MINGW64 /c/Ashok IT/Git_Practice (master)
$ git commit  -m"First Commit"
[master (root-commit) a80056e] First Commit
 1 file changed, 0 insertions(+), 0 deletions(-)
 create mode 100644 PrachiGitHub.txt

win10@DESKTOP-861UC7E MINGW64 /c/Ashok IT/Git_Practice (master)
$ git branch -M main

win10@DESKTOP-861UC7E MINGW64 /c/Ashok IT/Git_Practice (main)
$ ^[[200~git git remote add origin https://github.com/prachikurhe/18JRTP-APP.g
bash: $'\E[200~git': command not found

win10@DESKTOP-861UC7E MINGW64 /c/Ashok IT/Git_Practice (main)
$ git remote add origin https://github.com/prachikurhe/18JRTP-APP.git

win10@DESKTOP-861UC7E MINGW64 /c/Ashok IT/Git_Practice (main)
$ git push -u origin main
Enumerating objects: 3, done.
Counting objects: 100% (3/3), done.
Writing objects: 100% (3/3), 225 bytes | 225.00 KiB/s, done.
Total 3 (delta 0), reused 0 (delta 0), pack-reused 0
To https://github.com/prachikurhe/18JRTP-APP.git
 * [new branch]      main -> main
branch 'main' set up to track 'origin/main'.

win10@DESKTOP-861UC7E MINGW64 /c/Ashok IT/Git_Practice (main)
$
<<<<<<< HEAD

Hello Prachi....
hiiiiii
=======
Hello Prachi
>>>>>>> 2315a4aea3e3a7c332202ed80d9082d3d50124b5



win10@DESKTOP-861UC7E MINGW64 ~/eclipse-workspace/hii
$ git clone https://github.com/prachikurhe/InterviewQue.git
Cloning into 'InterviewQue'...
remote: Enumerating objects: 187, done.
remote: Counting objects: 100% (187/187), done.
remote: Compressing objects: 100% (159/159), done.
remote: Total 187 (delta 23), reused 187 (delta 23), pack-reused 0
Receiving objects: 100% (187/187), 85.86 KiB | 4.52 MiB/s, done.
Resolving deltas: 100% (23/23), done.

win10@DESKTOP-861UC7E MINGW64 ~/eclipse-workspace/hii
$ cd InterviewQue/

win10@DESKTOP-861UC7E MINGW64 ~/eclipse-workspace/hii/InterviewQue (main)
$ git status
On branch main
Your branch is up to date with 'origin/main'.

nothing to commit, working tree clean

win10@DESKTOP-861UC7E MINGW64 ~/eclipse-workspace/hii/InterviewQue (main)
$ git status
On branch main
Your branch is up to date with 'origin/main'.

Changes not staged for commit:
  (use "git add/rm <file>..." to update what will be committed)
  (use "git restore <file>..." to discard changes in working directory)
        deleted:    src/a.java

Untracked files:
  (use "git add <file>..." to include in what will be committed)
        src/abc.java

no changes added to commit (use "git add" and/or "git commit -a")

win10@DESKTOP-861UC7E MINGW64 ~/eclipse-workspace/hii/InterviewQue (main)
$ git add --a

win10@DESKTOP-861UC7E MINGW64 ~/eclipse-workspace/hii/InterviewQue (main)
$ git commit -m"change file name"
[main 9af5eb9] change file name
 1 file changed, 0 insertions(+), 0 deletions(-)
 rename src/{a.java => abc.java} (100%)

win10@DESKTOP-861UC7E MINGW64 ~/eclipse-workspace/hii/InterviewQue (main)
$ git status
On branch main
Your branch is ahead of 'origin/main' by 1 commit.
  (use "git push" to publish your local commits)

nothing to commit, working tree clean

win10@DESKTOP-861UC7E MINGW64 ~/eclipse-workspace/hii/InterviewQue (main)
$ git push
Enumerating objects: 5, done.
Counting objects: 100% (5/5), done.
Delta compression using up to 4 threads
Compressing objects: 100% (3/3), done.
Writing objects: 100% (3/3), 294 bytes | 294.00 KiB/s, done.
Total 3 (delta 2), reused 0 (delta 0), pack-reused 0
remote: Resolving deltas: 100% (2/2), completed with 2 local objects.
To https://github.com/prachikurhe/InterviewQue.git
   ac38ecb..9af5eb9  main -> main

win10@DESKTOP-861UC7E MINGW64 ~/eclipse-workspace/hii/InterviewQue (main)
$
